// Jest Snapshot v1, https://goo.gl/fbAQLP

exports[`Loading Component should match the snapshot 1`] = `
<div>
  <div
    class="fixed top-0 right-0 bottom-0 left-0 flex items-center justify-center bg-tertiary z-50"
  >
    <span
      class="inline-block h-8 w-8 animate-spin rounded-full border-4 border-solid border-current border-r-transparent align-[-0.125em] motion-reduce:animate-[spin_1.5s_linear_infinite]"
      role="status"
    />
  </div>
</div>
`;
