// Jest Snapshot v1, https://goo.gl/fbAQLP

exports[`PreviewImages Component matches the snapshot 1`] = `
<div>
  <div
    class="flex flex-col gap-6"
  >
    <div
      style="overflow: hidden; box-sizing: border-box; display: inline-block; position: relative; width: 588px; height: 400px;"
    >
      <noscript />
      <img
        alt="Product"
        data-testid="main-image-0"
        decoding="async"
        src="data:image/gif;base64,R0lGODlhAQABAIAAAAAAAP///yH5BAEAAAAALAAAAAABAAEAAAIBRAA7"
        style="position: absolute; top: 0px; left: 0px; bottom: 0px; right: 0px; box-sizing: border-box; padding: 0px; margin: auto; display: block; width: 0px; height: 0px; min-width: 100%; max-width: 100%; min-height: 100%; max-height: 100%; object-fit: cover;"
      />
    </div>
    <div
      class="flex gap-6 w-full overflow-auto"
    >
      <div
        style="display: inline-block; max-width: 100%; overflow: hidden; position: relative; box-sizing: border-box; margin: 0px;"
      >
        <div
          style="box-sizing: border-box; display: block; max-width: 100%;"
        >
          <img
            alt=""
            aria-hidden="true"
            role="presentation"
            src="data:image/svg+xml;base64,PHN2ZyB3aWR0aD0iMTgwIiBoZWlnaHQ9IjE4MCIgeG1sbnM9Imh0dHA6Ly93d3cudzMub3JnLzIwMDAvc3ZnIiB2ZXJzaW9uPSIxLjEiLz4="
            style="max-width: 100%; display: block; margin: 0px; padding: 0px;"
          />
        </div>
        <noscript />
        <img
          alt="Product"
          class="hover:cursor-pointer"
          data-testid="image-0"
          decoding="async"
          src="data:image/gif;base64,R0lGODlhAQABAIAAAAAAAP///yH5BAEAAAAALAAAAAABAAEAAAIBRAA7"
          style="position: absolute; top: 0px; left: 0px; bottom: 0px; right: 0px; box-sizing: border-box; padding: 0px; margin: auto; display: block; width: 0px; height: 0px; min-width: 100%; max-width: 100%; min-height: 100%; max-height: 100%; object-fit: cover;"
        />
      </div>
      <div
        style="display: inline-block; max-width: 100%; overflow: hidden; position: relative; box-sizing: border-box; margin: 0px;"
      >
        <div
          style="box-sizing: border-box; display: block; max-width: 100%;"
        >
          <img
            alt=""
            aria-hidden="true"
            role="presentation"
            src="data:image/svg+xml;base64,PHN2ZyB3aWR0aD0iMTgwIiBoZWlnaHQ9IjE4MCIgeG1sbnM9Imh0dHA6Ly93d3cudzMub3JnLzIwMDAvc3ZnIiB2ZXJzaW9uPSIxLjEiLz4="
            style="max-width: 100%; display: block; margin: 0px; padding: 0px;"
          />
        </div>
        <noscript />
        <img
          alt="Product"
          class="hover:cursor-pointer"
          data-testid="image-1"
          decoding="async"
          src="data:image/gif;base64,R0lGODlhAQABAIAAAAAAAP///yH5BAEAAAAALAAAAAABAAEAAAIBRAA7"
          style="position: absolute; top: 0px; left: 0px; bottom: 0px; right: 0px; box-sizing: border-box; padding: 0px; margin: auto; display: block; width: 0px; height: 0px; min-width: 100%; max-width: 100%; min-height: 100%; max-height: 100%; object-fit: cover;"
        />
      </div>
      <div
        style="display: inline-block; max-width: 100%; overflow: hidden; position: relative; box-sizing: border-box; margin: 0px;"
      >
        <div
          style="box-sizing: border-box; display: block; max-width: 100%;"
        >
          <img
            alt=""
            aria-hidden="true"
            role="presentation"
            src="data:image/svg+xml;base64,PHN2ZyB3aWR0aD0iMTgwIiBoZWlnaHQ9IjE4MCIgeG1sbnM9Imh0dHA6Ly93d3cudzMub3JnLzIwMDAvc3ZnIiB2ZXJzaW9uPSIxLjEiLz4="
            style="max-width: 100%; display: block; margin: 0px; padding: 0px;"
          />
        </div>
        <noscript />
        <img
          alt="Product"
          class="hover:cursor-pointer"
          data-testid="image-2"
          decoding="async"
          src="data:image/gif;base64,R0lGODlhAQABAIAAAAAAAP///yH5BAEAAAAALAAAAAABAAEAAAIBRAA7"
          style="position: absolute; top: 0px; left: 0px; bottom: 0px; right: 0px; box-sizing: border-box; padding: 0px; margin: auto; display: block; width: 0px; height: 0px; min-width: 100%; max-width: 100%; min-height: 100%; max-height: 100%; object-fit: cover;"
        />
      </div>
    </div>
  </div>
</div>
`;
